// Jest Snapshot v1, https://goo.gl/fbAQLP

exports[`CountStatus Snapshot Test 1`] = `
<h1
  style={undefined}
/>
`;
