// Jest Snapshot v1, https://goo.gl/fbAQLP

exports[`addButton Snapshot Test 1`] = `
<addButton
  onClick={[Function]}
>
  Add
</addButton>
`;
