// Jest Snapshot v1, https://goo.gl/fbAQLP

exports[`App Overlay: renders correctly 1`] = `
<div
  className="App"
>
  <div>
    <div
      style={
        Object {
          "textAlign": "center",
        }
      }
    >
      <input
        className="Counter-box"
        type="text"
        value={0}
      />
    </div>
    <div
      style={
        Object {
          "marginTop": "90px",
          "textAlign": "center",
        }
      }
    >
      <button
        className="Counter-button Counter-button--yellow"
        onClick={[Function]}
      >
        ADD
      </button>
      <button
        className="Counter-button Counter-button--yellow"
        onClick={[Function]}
      >
        SUBTRACT
      </button>
    </div>
  </div>
</div>
`;
